\BOOKMARK [1][-]{section*.1}{\376\377\000A\000c\000k\000n\000o\000w\000l\000e\000d\000g\000e\000m\000e\000n\000t\000s}{}% 1
\BOOKMARK [1][-]{section.1}{\376\377\000I\000n\000t\000r\000o\000d\000u\000c\000t\000i\000o\000n}{}% 2
\BOOKMARK [1][-]{section.2}{\376\377\000L\000i\000t\000e\000r\000a\000t\000u\000r\000e\000\040\000r\000e\000v\000i\000e\000w}{}% 3
\BOOKMARK [2][-]{subsection.2.1}{\376\377\000F\000r\000o\000m\000\040\000t\000e\000x\000t\000\040\000f\000o\000u\000n\000d\000a\000t\000i\000o\000n\000\040\000m\000o\000d\000e\000l\000s\000\040\000t\000o\000\040\000s\000i\000n\000g\000l\000e\000-\000c\000e\000l\000l\000\040\000f\000o\000u\000n\000d\000a\000t\000i\000o\000n\000\040\000m\000o\000d\000e\000l\000s}{section.2}% 4
\BOOKMARK [2][-]{subsection.2.2}{\376\377\000C\000e\000l\000l\000\040\000s\000e\000n\000t\000e\000n\000c\000e\000s\000,\000\040\000a\000n\000d\000\040\000t\000h\000e\000\040\000m\000o\000d\000e\000l\000\040\000t\000h\000i\000s\000\040\000t\000h\000e\000s\000i\000s\000\040\000f\000i\000n\000e\000-\000t\000u\000n\000e\000s}{section.2}% 5
\BOOKMARK [2][-]{subsection.2.3}{\376\377\000T\000h\000e\000\040\000d\000i\000s\000p\000u\000t\000e\000:\000\040\000d\000o\000\040\000t\000h\000e\000s\000e\000\040\000m\000o\000d\000e\000l\000s\000\040\000b\000e\000a\000t\000\040\000u\000n\000i\000n\000f\000o\000r\000m\000a\000t\000i\000v\000e\000\040\000b\000a\000s\000e\000l\000i\000n\000e\000s\000?}{section.2}% 6
\BOOKMARK [2][-]{subsection.2.4}{\376\377\000S\000i\000x\000\040\000w\000a\000y\000s\000\040\000a\000\040\000d\000r\000u\000g\000-\000r\000e\000s\000p\000o\000n\000s\000e\000\040\000b\000e\000n\000c\000h\000m\000a\000r\000k\000\040\000c\000a\000n\000\040\000m\000i\000s\000l\000e\000a\000d}{section.2}% 7
\BOOKMARK [2][-]{subsection.2.5}{\376\377\000C\000o\000n\000n\000e\000c\000t\000i\000v\000i\000t\000y\000\040\000m\000a\000p\000p\000i\000n\000g\000\040\000a\000n\000d\000\040\000s\000i\000g\000n\000a\000t\000u\000r\000e\000\040\000t\000r\000a\000n\000s\000f\000e\000r}{section.2}% 8
\BOOKMARK [2][-]{subsection.2.6}{\376\377\000D\000e\000c\000o\000d\000a\000b\000l\000e\000,\000\040\000u\000s\000e\000d\000,\000\040\000a\000n\000d\000\040\000t\000h\000e\000\040\000g\000l\000o\000b\000a\000l\000\040\000w\000o\000r\000k\000s\000p\000a\000c\000e}{section.2}% 9
\BOOKMARK [2][-]{subsection.2.7}{\376\377\000O\000p\000t\000i\000m\000a\000l\000\040\000t\000r\000a\000n\000s\000p\000o\000r\000t\000\040\000f\000o\000r\000\040\000s\000t\000a\000t\000e\000\040\000m\000a\000t\000c\000h\000i\000n\000g}{section.2}% 10
\BOOKMARK [1][-]{section.3}{\376\377\000T\000h\000e\000\040\000i\000n\000v\000e\000s\000t\000i\000g\000a\000t\000i\000o\000n}{}% 11
\BOOKMARK [2][-]{subsection.3.1}{\376\377\000T\000h\000e\000\040\000a\000t\000l\000a\000s\000,\000\040\000t\000h\000e\000\040\000m\000o\000d\000e\000l\000\040\000a\000n\000d\000\040\000t\000h\000e\000\040\000r\000u\000l\000e\000s\000\040\000o\000f\000\040\000m\000e\000a\000s\000u\000r\000e\000m\000e\000n\000t}{section.3}% 12
\BOOKMARK [2][-]{subsection.3.2}{\376\377\000T\000h\000e\000\040\000m\000e\000t\000r\000i\000c\000\040\000i\000s\000\040\000t\000h\000e\000\040\000f\000i\000r\000s\000t\000\040\000r\000e\000s\000u\000l\000t}{section.3}% 13
\BOOKMARK [2][-]{subsection.3.3}{\376\377\000T\000h\000e\000\040\000m\000o\000d\000e\000l\000\040\000i\000s\000\040\000d\000r\000u\000g\000-\000b\000l\000i\000n\000d}{section.3}% 14
\BOOKMARK [2][-]{subsection.3.4}{\376\377\000I\000s\000\040\000t\000h\000e\000\040\000d\000r\000u\000g\000\040\000r\000e\000p\000r\000e\000s\000e\000n\000t\000e\000d\000\040\000a\000t\000\040\000a\000l\000l\000?}{section.3}% 15
\BOOKMARK [2][-]{subsection.3.5}{\376\377\000I\000s\000\040\000t\000h\000e\000\040\000r\000e\000p\000r\000e\000s\000e\000n\000t\000a\000t\000i\000o\000n\000\040\000u\000s\000e\000d\000?}{section.3}% 16
\BOOKMARK [2][-]{subsection.3.6}{\376\377\000I\000s\000\040\000t\000h\000e\000\040\000d\000r\000u\000g\000'\000s\000\040\000i\000d\000e\000n\000t\000i\000t\000y\000\040\000r\000e\000a\000d\000?}{section.3}% 17
\BOOKMARK [2][-]{subsection.3.7}{\376\377\000N\000o\000\040\000f\000i\000x\000\040\000t\000h\000a\000t\000\040\000k\000e\000e\000p\000s\000\040\000t\000h\000e\000\040\000e\000n\000c\000o\000d\000i\000n\000g\000\040\000w\000o\000r\000k\000s}{section.3}% 18
\BOOKMARK [2][-]{subsection.3.8}{\376\377\000T\000h\000e\000\040\000r\000e\000s\000i\000d\000u\000a\000l\000\040\000f\000r\000a\000m\000e\000:\000\040\000p\000r\000e\000d\000i\000c\000t\000i\000n\000g\000\040\000o\000n\000l\000y\000\040\000w\000h\000a\000t\000\040\000m\000a\000k\000e\000s\000\040\000t\000h\000i\000s\000\040\000d\000r\000u\000g\000\040\000d\000i\000f\000f\000e\000r\000e\000n\000t}{section.3}% 19
\BOOKMARK [2][-]{subsection.3.9}{\376\377\000H\000o\000w\000\040\000m\000u\000c\000h\000\040\000s\000i\000g\000n\000a\000l\000\040\000i\000s\000\040\000t\000h\000e\000r\000e\000\040\000t\000o\000\040\000e\000n\000c\000o\000d\000e}{section.3}% 20
\BOOKMARK [2][-]{subsection.3.10}{\376\377\000R\000e\000-\000e\000n\000c\000o\000d\000i\000n\000g\000\040\000p\000r\000o\000d\000u\000c\000e\000s\000\040\000p\000r\000o\000m\000p\000t\000\040\000s\000e\000n\000s\000i\000t\000i\000v\000i\000t\000y}{section.3}% 21
\BOOKMARK [2][-]{subsection.3.11}{\376\377\000S\000e\000n\000s\000i\000t\000i\000v\000i\000t\000y\000\040\000i\000s\000\040\000n\000o\000t\000\040\000f\000i\000d\000e\000l\000i\000t\000y}{section.3}% 22
\BOOKMARK [2][-]{subsection.3.12}{\376\377\000A\000\040\000l\000o\000o\000k\000u\000p\000\040\000t\000a\000b\000l\000e\000\040\000w\000i\000n\000s}{section.3}% 23
\BOOKMARK [2][-]{subsection.3.13}{\376\377\000W\000h\000a\000t\000\040\000i\000s\000\040\000c\000l\000o\000s\000e\000d\000\040\000a\000n\000d\000\040\000o\000p\000e\000n\000\040\000f\000o\000r\000\040\000u\000n\000s\000e\000e\000n\000\040\000d\000r\000u\000g\000s}{section.3}% 24
\BOOKMARK [2][-]{subsection.3.14}{\376\377\000W\000h\000i\000c\000h\000\040\000p\000a\000r\000t\000\040\000o\000f\000\040\000t\000h\000e\000\040\000p\000r\000o\000m\000p\000t\000\040\000i\000s\000\040\000r\000e\000a\000d\000\040\000r\000e\000m\000a\000i\000n\000s\000\040\000u\000n\000r\000e\000s\000o\000l\000v\000e\000d}{section.3}% 25
\BOOKMARK [2][-]{subsection.3.15}{\376\377\000T\000h\000e\000\040\000i\000n\000v\000e\000s\000t\000i\000g\000a\000t\000i\000o\000n\000\040\000i\000n\000\040\000o\000n\000e\000\040\000t\000a\000b\000l\000e}{section.3}% 26
\BOOKMARK [1][-]{section.4}{\376\377\000L\000i\000m\000i\000t\000a\000t\000i\000o\000n\000s\000\040\000a\000n\000d\000\040\000F\000u\000t\000u\000r\000e\000\040\000R\000e\000s\000e\000a\000r\000c\000h\000\040\000D\000i\000r\000e\000c\000t\000i\000o\000n\000s}{}% 27
\BOOKMARK [2][-]{subsection.4.1}{\376\377\000L\000i\000m\000i\000t\000a\000t\000i\000o\000n\000s\000\040\000o\000f\000\040\000s\000c\000o\000p\000e}{section.4}% 28
\BOOKMARK [2][-]{subsection.4.2}{\376\377\000L\000i\000m\000i\000t\000a\000t\000i\000o\000n\000s\000\040\000o\000f\000\040\000t\000h\000e\000\040\000u\000n\000s\000e\000e\000n\000-\000d\000r\000u\000g\000\040\000e\000v\000a\000l\000u\000a\000t\000i\000o\000n}{section.4}% 29
\BOOKMARK [2][-]{subsection.4.3}{\376\377\000D\000i\000r\000e\000c\000t\000i\000o\000n\000s}{section.4}% 30
\BOOKMARK [1][-]{section.5}{\376\377\000C\000o\000n\000c\000l\000u\000s\000i\000o\000n\000s}{}% 31
\BOOKMARK [1][-]{section.A}{\376\377\000A\000p\000p\000e\000n\000d\000i\000x}{}% 32
\BOOKMARK [2][-]{subsection.A.1}{\376\377\000E\000s\000t\000i\000m\000a\000t\000o\000r\000\040\000v\000a\000l\000i\000d\000a\000t\000i\000o\000n\000\040\000a\000g\000a\000i\000n\000s\000t\000\040\000p\000l\000a\000n\000t\000e\000d\000\040\000g\000r\000o\000u\000n\000d\000\040\000t\000r\000u\000t\000h}{section.A}% 33
\BOOKMARK [2][-]{subsection.A.2}{\376\377\000A\000b\000s\000e\000n\000t\000-\000g\000e\000n\000e\000\040\000c\000o\000n\000v\000e\000n\000t\000i\000o\000n}{section.A}% 34
\BOOKMARK [2][-]{subsection.A.3}{\376\377\000S\000w\000a\000p\000-\000d\000i\000s\000t\000a\000n\000c\000e\000\040\000s\000w\000e\000e\000p}{section.A}% 35
\BOOKMARK [2][-]{subsection.A.4}{\376\377\000T\000r\000a\000i\000n\000i\000n\000g\000\040\000c\000o\000n\000f\000i\000g\000u\000r\000a\000t\000i\000o\000n}{section.A}% 36
\BOOKMARK [2][-]{subsection.A.5}{\376\377\000T\000h\000e\000\040\000i\000d\000e\000n\000t\000i\000t\000y\000\040\000t\000e\000s\000t\000:\000\040\000f\000a\000i\000l\000e\000d\000\040\000d\000e\000s\000i\000g\000n\000s\000\040\000a\000n\000d\000\040\000r\000e\000m\000a\000i\000n\000i\000n\000g\000\040\000g\000u\000a\000r\000d\000s}{section.A}% 37
\BOOKMARK [2][-]{subsection.A.6}{\376\377\000C\000a\000l\000i\000b\000r\000a\000t\000i\000o\000n\000\040\000s\000e\000l\000f\000-\000t\000e\000s\000t}{section.A}% 38
